<html>
<body>
<pre>
<h1>礦ision Build Log</h1>
<h2>Tool Versions:</h2>
IDE-Version: μVision V5.22.0.0
Copyright (C) 2016 ARM Ltd and ARM Germany GmbH. All rights reserved.
License Information: Augus Jan, AHPU, LIC=MGX30-B91BF-KSYYM-XIQ2V-AANNP-M0DZ3
 
Tool Versions:
Toolchain:       MDK-ARM Professional  Version: 5.22
Toolchain Path:  C:\Keil_v5\ARM\ARMCC\Bin
C Compiler:      Armcc.exe V5.06 update 4 (build 422)
Assembler:       Armasm.exe V5.06 update 4 (build 422)
Linker/Locator:  ArmLink.exe V5.06 update 4 (build 422)
Library Manager: ArmAr.exe V5.06 update 4 (build 422)
Hex Converter:   FromElf.exe V5.06 update 4 (build 422)
CPU DLL:         SARMCM3.DLL V5.22
Dialog DLL:      DARMSTM.DLL V1.67.0.0
Target DLL:      Segger\JL2CM3.dll V2.99.23.0
Dialog DLL:      TARMSTM.DLL V1.66.0.0
 
<h2>Project:</h2>
C:\Users\Augus Jan\Desktop\毕业设计\Code\四轴\Project\Temp.uvproj
Project File Date:  03/13/2018

<h2>Output:</h2>
*** Using Compiler 'V5.06 update 4 (build 422)', folder: 'C:\Keil_v5\ARM\ARMCC\Bin'
Build target 'Temp'
compiling main.c...
..\USER\USART1\usart.h(13): warning:  #1295-D: Deprecated declaration Vcan_Print - give arg types
  void Vcan_Print();
..\USER\main.c(26): warning:  #223-D: function "Quaternion_init" declared implicitly
  	Quaternion_init();
..\USER\main.c(18): warning:  #177-D: variable "i"  was declared but never referenced
  	int i;
..\USER\main.c: 3 warnings, 0 errors
compiling TIM3_IT.c...
..\USER\IMU\imu.h(64): warning:  #1295-D: Deprecated declaration Quaternion_init - give arg types
  extern void Quaternion_init();
..\USER\USART1\usart.h(13): warning:  #1295-D: Deprecated declaration Vcan_Print - give arg types
  void Vcan_Print();
..\USER\TIM3_IT\TIM3_IT.c: 2 warnings, 0 errors
linking...
Program Size: Code=25500 RO-data=540 RW-data=192 ZI-data=1496  
FromELF: creating hex file...
"..\Output\Temp.axf" - 0 Error(s), 5 Warning(s).
Build Time Elapsed:  00:00:01
</pre>
</body>
</html>
